// Jest Snapshot v1, https://goo.gl/fbAQLP

exports[`matches snapshot 1`] = `
<DocumentFragment>
  <div
    data-id="test-id"
    data-name="Test Task"
    style="background-color: rgb(0, 0, 139); margin-bottom: 3px;"
  >
    <p
      class="taskLabel"
    >
      <span>
        Test Task
      </span>
      <button
        style="position: relative; overflow: visible; transition: all 0.6s ease; padding: 10px 20px; font-size: 16px; line-height: 1; height: 40px; min-width: 80px; outline: none; cursor: pointer; background-color: transparent; color: rgb(255, 255, 255); border-radius: 5px;"
      >
        X
      </button>
    </p>
    <button
      style="position: relative; overflow: visible; transition: all 0.42s ease; transform: scale(0.9); width: 40%; padding: 10px 10px; font-size: 18px;"
    >
      Not Completed
    </button>
  </div>
</DocumentFragment>
`;
